<html>
<body>
<pre>
<h1>µVision Build Log</h1>
<h2>Tool Versions:</h2>
IDE-Version: ¦ÌVision V5.40.0.0
Copyright (C) 2024 ARM Ltd and ARM Germany GmbH. All rights reserved.
License Information: 1 Jsir2022, 1, LIC=47GU5-GWURK-562Q2-92WCM-YGS9C-9J7JL
 
Tool Versions:
Toolchain:       MDK-ARM Plus  Version: 5.40.0.3
Toolchain Path:  D:\Keil_MDK\ARM\ARMCLANG\Bin
C Compiler:      ArmClang.exe V6.22
Assembler:       Armasm.exe V6.22
Linker/Locator:  ArmLink.exe V6.22
Library Manager: ArmAr.exe V6.22
Hex Converter:   FromElf.exe V6.22
CPU DLL:         SARMCM3.DLL V5.40.0.3
Dialog DLL:      DCM.DLL V1.17.5.0
Target DLL:      CMSIS_AGDI.dll V1.33.18.0
Dialog DLL:      TCM.DLL V1.56.4.0
 
<h2>Project:</h2>
M:\Elect2023\zenchrer-GrayscaleSensor-Fork\Firmware\STM32F103C6T6A\MDK-ARM\GrayscaleSensor.uvprojx
Project File Date:  07/26/2024

<h2>Output:</h2>
*** Using Compiler 'V6.22', folder: 'D:\Keil_MDK\ARM\ARMCLANG\Bin'
Build target 'GrayscaleSensor'
linking...
Program Size: Code=15188 RO-data=336 RW-data=16 ZI-data=2888  
FromELF: creating hex file...
"GrayscaleSensor\GrayscaleSensor.axf" - 0 Error(s), 0 Warning(s).

<h2>Software Packages used:</h2>

Package Vendor: ARM
                https://www.keil.com/pack/ARM.CMSIS.6.1.0.pack
                ARM::CMSIS@6.1.0
                CMSIS (Common Microcontroller Software Interface Standard)
   * Component: CORE Version: 6.1.0

Package Vendor: Keil
                https://www.keil.com/pack/Keil.ARM_Compiler.1.7.2.pack
                Keil::ARM_Compiler@1.7.2
                Keil ARM Compiler extensions for ARM Compiler 5 and ARM Compiler 6
   * Component: Event Recorder Variant: DAP Version: 1.5.1
   * Component: STDOUT Variant: EVR Version: 1.2.0

Package Vendor: Keil
                https://www.keil.com/pack/Keil.STM32F1xx_DFP.2.4.1.pack
                Keil::STM32F1xx_DFP@2.4.1
                STMicroelectronics STM32F1 Series Device Support, Drivers and Examples

<h2>Collection of Component include folders:</h2>
  ./RTE/Compiler
  ./RTE/_GrayscaleSensor
  U:/KeilARM_Repository/ARM/CMSIS/6.1.0/CMSIS/Core/Include
  U:/KeilARM_Repository/Keil/ARM_Compiler/1.7.2/Include
  U:/KeilARM_Repository/Keil/STM32F1xx_DFP/2.4.1/Device/Include

<h2>Collection of Component Files used:</h2>

   * Component: ARM::CMSIS:CORE@6.1.0
      Include file:  CMSIS/Core/Include/tz_context.h

   * Component: Keil::Compiler&ARM Compiler:Event Recorder&DAP@1.5.1
      Source file:   Source/EventRecorder.c
      Include file:  Config/EventRecorderConf.h
      Include file:  Include/EventRecorder.h

   * Component: Keil::Compiler&ARM Compiler:I/O:STDOUT&EVR@1.2.0
      Source file:   Source/retarget_io.c
Build Time Elapsed:  00:00:00
</pre>
</body>
</html>
